Train/annotations/crop_000010.txt
Train/annotations/crop_000011.txt
Train/annotations/crop_000603.txt
Train/annotations/crop_000606.txt
Train/annotations/crop_000607.txt
Train/annotations/crop_000608.txt
Train/annotations/crop001001.txt
Train/annotations/crop001002.txt
Train/annotations/crop001003.txt
Train/annotations/crop001004.txt
Train/annotations/crop001005.txt
Train/annotations/crop001006.txt
Train/annotations/crop001007.txt
Train/annotations/crop001008.txt
Train/annotations/crop001009.txt
Train/annotations/crop001010.txt
Train/annotations/crop001011.txt
Train/annotations/crop001012.txt
Train/annotations/crop001013.txt
Train/annotations/crop001014.txt
Train/annotations/crop001015.txt
Train/annotations/crop001016.txt
Train/annotations/crop001017.txt
Train/annotations/crop001018.txt
Train/annotations/crop001019.txt
Train/annotations/crop001020.txt
Train/annotations/crop001021.txt
Train/annotations/crop001022.txt
Train/annotations/crop001023.txt
Train/annotations/crop001024.txt
Train/annotations/crop001025.txt
Train/annotations/crop001026.txt
Train/annotations/crop001027.txt
Train/annotations/crop001028.txt
Train/annotations/crop001029.txt
Train/annotations/crop001030.txt
Train/annotations/crop001031.txt
Train/annotations/crop001032.txt
Train/annotations/crop001033.txt
Train/annotations/crop001034.txt
Train/annotations/crop001035.txt
Train/annotations/crop001036.txt
Train/annotations/crop001037.txt
Train/annotations/crop001038.txt
Train/annotations/crop001039.txt
Train/annotations/crop001040.txt
Train/annotations/crop001042.txt
Train/annotations/crop001043.txt
Train/annotations/crop001044.txt
Train/annotations/crop001045.txt
Train/annotations/crop001046.txt
Train/annotations/crop001047.txt
Train/annotations/crop001048.txt
Train/annotations/crop001049.txt
Train/annotations/crop001050.txt
Train/annotations/crop001051.txt
Train/annotations/crop001052.txt
Train/annotations/crop001053.txt
Train/annotations/crop001054.txt
Train/annotations/crop001055.txt
Train/annotations/crop001056.txt
Train/annotations/crop001057.txt
Train/annotations/crop001058.txt
Train/annotations/crop001059.txt
Train/annotations/crop001060.txt
Train/annotations/crop001061.txt
Train/annotations/crop001063.txt
Train/annotations/crop001064.txt
Train/annotations/crop001066.txt
Train/annotations/crop001068.txt
Train/annotations/crop001069.txt
Train/annotations/crop001070.txt
Train/annotations/crop001071.txt
Train/annotations/crop001072.txt
Train/annotations/crop001073.txt
Train/annotations/crop001074.txt
Train/annotations/crop001075.txt
Train/annotations/crop001078.txt
Train/annotations/crop001079.txt
Train/annotations/crop001081.txt
Train/annotations/crop001083.txt
Train/annotations/crop001084.txt
Train/annotations/crop001085.txt
Train/annotations/crop001086.txt
Train/annotations/crop001087.txt
Train/annotations/crop001088.txt
Train/annotations/crop001089.txt
Train/annotations/crop001090.txt
Train/annotations/crop001091.txt
Train/annotations/crop001092.txt
Train/annotations/crop001093.txt
Train/annotations/crop001094.txt
Train/annotations/crop001095.txt
Train/annotations/crop001096.txt
Train/annotations/crop001097.txt
Train/annotations/crop001098.txt
Train/annotations/crop001099.txt
Train/annotations/crop001102.txt
Train/annotations/crop001103.txt
Train/annotations/crop001104.txt
Train/annotations/crop001105.txt
Train/annotations/crop001106.txt
Train/annotations/crop001107.txt
Train/annotations/crop001108.txt
Train/annotations/crop001109.txt
Train/annotations/crop001110.txt
Train/annotations/crop001111.txt
Train/annotations/crop001112.txt
Train/annotations/crop001113.txt
Train/annotations/crop001114.txt
Train/annotations/crop001115.txt
Train/annotations/crop001116.txt
Train/annotations/crop001119.txt
Train/annotations/crop001120.txt
Train/annotations/crop001121.txt
Train/annotations/crop001122.txt
Train/annotations/crop001123.txt
Train/annotations/crop001124.txt
Train/annotations/crop001125.txt
Train/annotations/crop001126.txt
Train/annotations/crop001127.txt
Train/annotations/crop001128.txt
Train/annotations/crop001129.txt
Train/annotations/crop001130.txt
Train/annotations/crop001131.txt
Train/annotations/crop001132.txt
Train/annotations/crop001133.txt
Train/annotations/crop001134.txt
Train/annotations/crop001135.txt
Train/annotations/crop001136.txt
Train/annotations/crop001137.txt
Train/annotations/crop001138.txt
Train/annotations/crop001140.txt
Train/annotations/crop001141.txt
Train/annotations/crop001142.txt
Train/annotations/crop001143.txt
Train/annotations/crop001144.txt
Train/annotations/crop001145.txt
Train/annotations/crop001146.txt
Train/annotations/crop001147.txt
Train/annotations/crop001148.txt
Train/annotations/crop001149.txt
Train/annotations/crop001150.txt
Train/annotations/crop001151.txt
Train/annotations/crop001152.txt
Train/annotations/crop001153.txt
Train/annotations/crop001154.txt
Train/annotations/crop001155.txt
Train/annotations/crop001156.txt
Train/annotations/crop001158.txt
Train/annotations/crop001160.txt
Train/annotations/crop001162.txt
Train/annotations/crop001163.txt
Train/annotations/crop001164.txt
Train/annotations/crop001200.txt
Train/annotations/crop001201.txt
Train/annotations/crop001202.txt
Train/annotations/crop001205.txt
Train/annotations/crop001206.txt
Train/annotations/crop001207.txt
Train/annotations/crop001208.txt
Train/annotations/crop001210.txt
Train/annotations/crop001211.txt
Train/annotations/crop001212.txt
Train/annotations/crop001213.txt
Train/annotations/crop001214.txt
Train/annotations/crop001216.txt
Train/annotations/crop001217.txt
Train/annotations/crop001218.txt
Train/annotations/crop001219.txt
Train/annotations/crop001220.txt
Train/annotations/crop001222.txt
Train/annotations/crop001230.txt
Train/annotations/crop001231.txt
Train/annotations/crop001232.txt
Train/annotations/crop001234.txt
Train/annotations/crop001235.txt
Train/annotations/crop001236.txt
Train/annotations/crop001237.txt
Train/annotations/crop001238.txt
Train/annotations/crop001241.txt
Train/annotations/crop001242.txt
Train/annotations/crop001246.txt
Train/annotations/crop001247.txt
Train/annotations/crop001248.txt
Train/annotations/crop001250.txt
Train/annotations/crop001251.txt
Train/annotations/crop001252.txt
Train/annotations/crop001253.txt
Train/annotations/crop001254.txt
Train/annotations/crop001255.txt
Train/annotations/crop001256.txt
Train/annotations/crop001257.txt
Train/annotations/crop001258.txt
Train/annotations/crop001259.txt
Train/annotations/crop001260.txt
Train/annotations/crop001263.txt
Train/annotations/crop001264.txt
Train/annotations/crop001265.txt
Train/annotations/crop001267.txt
Train/annotations/crop001268.txt
Train/annotations/crop001270.txt
Train/annotations/crop001271.txt
Train/annotations/crop001272.txt
Train/annotations/crop001273.txt
Train/annotations/crop001274.txt
Train/annotations/crop001275.txt
Train/annotations/crop001276.txt
Train/annotations/crop001278.txt
Train/annotations/crop001500.txt
Train/annotations/crop001503.txt
Train/annotations/crop001505.txt
Train/annotations/crop001506.txt
Train/annotations/crop001507.txt
Train/annotations/crop001508.txt
Train/annotations/crop001509.txt
Train/annotations/crop001510.txt
Train/annotations/crop001513.txt
Train/annotations/crop001515.txt
Train/annotations/crop001516.txt
Train/annotations/crop001517.txt
Train/annotations/crop001518.txt
Train/annotations/crop001519.txt
Train/annotations/crop001523.txt
Train/annotations/crop001524.txt
Train/annotations/crop001525.txt
Train/annotations/crop001526.txt
Train/annotations/crop001527.txt
Train/annotations/crop001528.txt
Train/annotations/crop001529.txt
Train/annotations/crop001530.txt
Train/annotations/crop001532.txt
Train/annotations/crop001534.txt
Train/annotations/crop001536.txt
Train/annotations/crop001537.txt
Train/annotations/crop001538.txt
Train/annotations/crop001539.txt
Train/annotations/crop001540.txt
Train/annotations/crop001541.txt
Train/annotations/crop001542.txt
Train/annotations/crop001543.txt
Train/annotations/crop001547.txt
Train/annotations/crop001548.txt
Train/annotations/crop001550.txt
Train/annotations/crop001551.txt
Train/annotations/crop001552.txt
Train/annotations/crop001553.txt
Train/annotations/crop001554.txt
Train/annotations/crop001556.txt
Train/annotations/crop001557.txt
Train/annotations/crop001558.txt
Train/annotations/crop001559.txt
Train/annotations/crop001560.txt
Train/annotations/crop001561.txt
Train/annotations/crop001562.txt
Train/annotations/crop001563.txt
Train/annotations/crop001564.txt
Train/annotations/crop001565.txt
Train/annotations/crop001567.txt
Train/annotations/crop001568.txt
Train/annotations/crop001569.txt
Train/annotations/crop001570.txt
Train/annotations/crop001571.txt
Train/annotations/crop001572.txt
Train/annotations/crop001577.txt
Train/annotations/crop001578.txt
Train/annotations/crop001579.txt
Train/annotations/crop001580.txt
Train/annotations/crop001581.txt
Train/annotations/crop001582.txt
Train/annotations/crop001583.txt
Train/annotations/crop001584.txt
Train/annotations/crop001589.txt
Train/annotations/crop001591.txt
Train/annotations/crop001592.txt
Train/annotations/crop001594.txt
Train/annotations/crop001595.txt
Train/annotations/crop001596.txt
Train/annotations/crop001597.txt
Train/annotations/crop001598.txt
Train/annotations/crop001599.txt
Train/annotations/crop001600.txt
Train/annotations/crop001601.txt
Train/annotations/crop001603.txt
Train/annotations/crop001605.txt
Train/annotations/crop001606.txt
Train/annotations/crop001608.txt
Train/annotations/crop001609.txt
Train/annotations/crop001610.txt
Train/annotations/crop001611.txt
Train/annotations/crop001612.txt
Train/annotations/crop001613.txt
Train/annotations/crop001614.txt
Train/annotations/crop001615.txt
Train/annotations/crop001616.txt
Train/annotations/crop001617.txt
Train/annotations/crop001618.txt
Train/annotations/crop001619.txt
Train/annotations/crop001620.txt
Train/annotations/crop001621.txt
Train/annotations/crop001622.txt
Train/annotations/crop001623.txt
Train/annotations/crop001624.txt
Train/annotations/crop001625.txt
Train/annotations/crop001626.txt
Train/annotations/crop001627.txt
Train/annotations/crop001628.txt
Train/annotations/crop001629.txt
Train/annotations/crop001630.txt
Train/annotations/crop001632.txt
Train/annotations/crop001635.txt
Train/annotations/crop001636.txt
Train/annotations/crop001637.txt
Train/annotations/crop001640.txt
Train/annotations/crop001642.txt
Train/annotations/crop001643.txt
Train/annotations/crop001644.txt
Train/annotations/crop001646.txt
Train/annotations/crop001647.txt
Train/annotations/crop001648.txt
Train/annotations/crop001649.txt
Train/annotations/crop001650.txt
Train/annotations/crop001651.txt
Train/annotations/crop001652.txt
Train/annotations/crop001655.txt
Train/annotations/crop001656.txt
Train/annotations/crop001657.txt
Train/annotations/crop001662.txt
Train/annotations/crop001663.txt
Train/annotations/crop001665.txt
Train/annotations/crop001666.txt
Train/annotations/crop001667.txt
Train/annotations/crop001668.txt
Train/annotations/crop001669.txt
Train/annotations/crop001671.txt
Train/annotations/crop001672.txt
Train/annotations/crop001673.txt
Train/annotations/crop001674.txt
Train/annotations/crop001675.txt
Train/annotations/crop001677.txt
Train/annotations/crop001678.txt
Train/annotations/crop001679.txt
Train/annotations/crop001680.txt
Train/annotations/crop001681.txt
Train/annotations/crop001685.txt
Train/annotations/crop001686.txt
Train/annotations/crop001687.txt
Train/annotations/crop001689.txt
Train/annotations/crop001690.txt
Train/annotations/crop001691.txt
Train/annotations/crop001692.txt
Train/annotations/crop001693.txt
Train/annotations/crop001694.txt
Train/annotations/crop001695.txt
Train/annotations/crop001696.txt
Train/annotations/crop001697.txt
Train/annotations/crop001698.txt
Train/annotations/crop001699.txt
Train/annotations/crop001700.txt
Train/annotations/crop001701.txt
Train/annotations/crop001702.txt
Train/annotations/crop001703.txt
Train/annotations/crop001705.txt
Train/annotations/crop001707.txt
Train/annotations/crop001708.txt
Train/annotations/crop001709.txt
Train/annotations/crop001710.txt
Train/annotations/crop001711.txt
Train/annotations/crop001712.txt
Train/annotations/crop001713.txt
Train/annotations/crop001714.txt
Train/annotations/crop001717.txt
Train/annotations/crop001720.txt
Train/annotations/crop001721.txt
Train/annotations/crop001806.txt
Train/annotations/crop001807.txt
Train/annotations/crop001808.txt
Train/annotations/crop001809.txt
Train/annotations/crop001810.txt
Train/annotations/crop001811.txt
Train/annotations/crop001812.txt
Train/annotations/crop001813.txt
Train/annotations/crop001814.txt
Train/annotations/crop001815.txt
Train/annotations/crop001816.txt
Train/annotations/crop001817.txt
Train/annotations/crop001818.txt
Train/annotations/crop001819.txt
Train/annotations/crop001820.txt
Train/annotations/crop001823.txt
Train/annotations/crop001824.txt
Train/annotations/crop001829.txt
Train/annotations/crop001830.txt
Train/annotations/crop001831.txt
Train/annotations/crop001832.txt
Train/annotations/crop001833.txt
Train/annotations/crop001835.txt
Train/annotations/crop001836.txt
Train/annotations/crop001837.txt
Train/annotations/crop001838.txt
Train/annotations/crop001839.txt
Train/annotations/crop001840.txt
Train/annotations/crop001841.txt
Train/annotations/crop001842.txt
Train/annotations/crop001843.txt
Train/annotations/person_044.txt
Train/annotations/person_050.txt
Train/annotations/person_060.txt
Train/annotations/person_061.txt
Train/annotations/person_086.txt
Train/annotations/person_091.txt
Train/annotations/person_097.txt
Train/annotations/person_101.txt
Train/annotations/person_102.txt
Train/annotations/person_103.txt
Train/annotations/person_106.txt
Train/annotations/person_111.txt
Train/annotations/person_112.txt
Train/annotations/person_114.txt
Train/annotations/person_117.txt
Train/annotations/person_119.txt
Train/annotations/person_121.txt
Train/annotations/person_124.txt
Train/annotations/person_125.txt
Train/annotations/person_126.txt
Train/annotations/person_128.txt
Train/annotations/person_129.txt
Train/annotations/person_130.txt
Train/annotations/person_131.txt
Train/annotations/person_133.txt
Train/annotations/person_139.txt
Train/annotations/person_141.txt
Train/annotations/person_142.txt
Train/annotations/person_143.txt
Train/annotations/person_156.txt
Train/annotations/person_160.txt
Train/annotations/person_162.txt
Train/annotations/person_165.txt
Train/annotations/person_166.txt
Train/annotations/person_167.txt
Train/annotations/person_168.txt
Train/annotations/person_169.txt
Train/annotations/person_170.txt
Train/annotations/person_171.txt
Train/annotations/person_172.txt
Train/annotations/person_173.txt
Train/annotations/person_174.txt
Train/annotations/person_175.txt
Train/annotations/person_176.txt
Train/annotations/person_177.txt
Train/annotations/person_178.txt
Train/annotations/person_179.txt
Train/annotations/person_181.txt
Train/annotations/person_185.txt
Train/annotations/person_187.txt
Train/annotations/person_195.txt
Train/annotations/person_196.txt
Train/annotations/person_199.txt
Train/annotations/person_201.txt
Train/annotations/person_202.txt
Train/annotations/person_203.txt
Train/annotations/person_208.txt
Train/annotations/person_209.txt
Train/annotations/person_211.txt
Train/annotations/person_214.txt
Train/annotations/person_219.txt
Train/annotations/person_220.txt
Train/annotations/person_221.txt
Train/annotations/person_223.txt
Train/annotations/person_224.txt
Train/annotations/person_225.txt
Train/annotations/person_228.txt
Train/annotations/person_229.txt
Train/annotations/person_231.txt
Train/annotations/person_232.txt
Train/annotations/person_233.txt
Train/annotations/person_234.txt
Train/annotations/person_235.txt
Train/annotations/person_237.txt
Train/annotations/person_238.txt
Train/annotations/person_239.txt
Train/annotations/person_240.txt
Train/annotations/person_241.txt
Train/annotations/person_242.txt
Train/annotations/person_243.txt
Train/annotations/person_244.txt
Train/annotations/person_245.txt
Train/annotations/person_252.txt
Train/annotations/person_253.txt
Train/annotations/person_254.txt
Train/annotations/person_256.txt
Train/annotations/person_257.txt
Train/annotations/person_258.txt
Train/annotations/person_259.txt
Train/annotations/person_260.txt
Train/annotations/person_266.txt
Train/annotations/person_269.txt
Train/annotations/person_270.txt
Train/annotations/person_273.txt
Train/annotations/person_274.txt
Train/annotations/person_275.txt
Train/annotations/person_279.txt
Train/annotations/person_281.txt
Train/annotations/person_283.txt
Train/annotations/person_284.txt
Train/annotations/person_285.txt
Train/annotations/person_286.txt
Train/annotations/person_287.txt
Train/annotations/person_288.txt
Train/annotations/person_289.txt
Train/annotations/person_291.txt
Train/annotations/person_292.txt
Train/annotations/person_294.txt
Train/annotations/person_295.txt
Train/annotations/person_296.txt
Train/annotations/person_297.txt
Train/annotations/person_298.txt
Train/annotations/person_299.txt
Train/annotations/person_300.txt
Train/annotations/person_301.txt
Train/annotations/person_302.txt
Train/annotations/person_304.txt
Train/annotations/person_305.txt
Train/annotations/person_319.txt
Train/annotations/person_320.txt
Train/annotations/person_321.txt
Train/annotations/person_324.txt
Train/annotations/person_327.txt
Train/annotations/person_328.txt
Train/annotations/person_329.txt
Train/annotations/person_331.txt
Train/annotations/person_333.txt
Train/annotations/person_334.txt
Train/annotations/person_339.txt
Train/annotations/person_340.txt
Train/annotations/person_341.txt
Train/annotations/person_342.txt
Train/annotations/person_343.txt
Train/annotations/person_344.txt
Train/annotations/person_346.txt
Train/annotations/person_348.txt
Train/annotations/person_349.txt
Train/annotations/person_356.txt
Train/annotations/person_357.txt
Train/annotations/person_358.txt
Train/annotations/person_376.txt
Train/annotations/person_377.txt
Train/annotations/person_378.txt
Train/annotations/person_387.txt
Train/annotations/person_395.txt
Train/annotations/person_414.txt
Train/annotations/person_425.txt
Train/annotations/person_and_bike_002.txt
Train/annotations/person_and_bike_003.txt
Train/annotations/person_and_bike_005.txt
Train/annotations/person_and_bike_007.txt
Train/annotations/person_and_bike_008.txt
Train/annotations/person_and_bike_009.txt
Train/annotations/person_and_bike_010.txt
Train/annotations/person_and_bike_011.txt
Train/annotations/person_and_bike_013.txt
Train/annotations/person_and_bike_015.txt
Train/annotations/person_and_bike_016.txt
Train/annotations/person_and_bike_017.txt
Train/annotations/person_and_bike_019.txt
Train/annotations/person_and_bike_020.txt
Train/annotations/person_and_bike_021.txt
Train/annotations/person_and_bike_022.txt
Train/annotations/person_and_bike_023.txt
Train/annotations/person_and_bike_026.txt
Train/annotations/person_and_bike_030.txt
Train/annotations/person_and_bike_031.txt
Train/annotations/person_and_bike_033.txt
Train/annotations/person_and_bike_034.txt
Train/annotations/person_and_bike_036.txt
Train/annotations/person_and_bike_039.txt
Train/annotations/person_and_bike_040.txt
Train/annotations/person_and_bike_074.txt
Train/annotations/person_and_bike_075.txt
Train/annotations/person_and_bike_078.txt
Train/annotations/person_and_bike_117.txt
Train/annotations/person_and_bike_118.txt
Train/annotations/person_and_bike_119.txt
Train/annotations/person_and_bike_120.txt
Train/annotations/person_and_bike_121.txt
Train/annotations/person_and_bike_123.txt
Train/annotations/person_and_bike_124.txt
Train/annotations/person_and_bike_125.txt
Train/annotations/person_and_bike_127.txt
Train/annotations/person_and_bike_128.txt
Train/annotations/person_and_bike_129.txt
Train/annotations/person_and_bike_130.txt
Train/annotations/person_and_bike_132.txt
Train/annotations/person_and_bike_134.txt
Train/annotations/person_and_bike_135.txt
Train/annotations/person_and_bike_137.txt
Train/annotations/person_and_bike_138.txt
Train/annotations/person_and_bike_139.txt
Train/annotations/person_and_bike_142.txt
Train/annotations/person_and_bike_143.txt
Train/annotations/person_and_bike_146.txt
Train/annotations/person_and_bike_147.txt
Train/annotations/person_and_bike_148.txt
Train/annotations/person_and_bike_150.txt
Train/annotations/person_and_bike_151.txt
Train/annotations/person_and_bike_152.txt
Train/annotations/person_and_bike_155.txt
Train/annotations/person_and_bike_156.txt
Train/annotations/person_and_bike_157.txt
Train/annotations/person_and_bike_166.txt
Train/annotations/person_and_bike_191.txt
Train/annotations/person_and_bike_207.txt
Train/annotations/person_and_bike_208.txt
Train/annotations/person_and_bike_209.txt
